Hitachi Optimizing Linkage Editor (Ver. 7.1.03.000)09-Oct-2021 21:55:40

*** Options ***

-subcommand=C:\Users\USER\AppData\Local\Temp\hmkAE0A.tmp
noprelink
sdebug
rom D=R
nomessage
list "C:\Users\USER\Documents\CASIO\fx-9860G SDK\test\Debug\FXADDINror.map"
show symbol
nooptimize
start P_TOP,P,C,D,C$VTBL,C$INIT/0300200,B_BR_Size,B,R/08100000
fsymbol P
nologo
input "C:\Users\USER\Documents\CASIO\fx-9860G SDK\test\Debug\test.obj" "C:\Users\USER\Documents\CASIO\fx-9860G SDK\test\Debug\MonochromeLib.obj" "C:\Users\USER\Documents\CASIO\fx-9860G SDK\test\Debug\syscall.obj"
input "D:\CASIO SDK\OS\FX\lib\setup.obj"
library "D:\CASIO SDK\OS\FX\lib\fx9860G_library.lib"
output "C:\Users\USER\Documents\CASIO\fx-9860G SDK\test\Debug\FXADDINror.abs"
-nomessage=1100
end

*** Error information ***

*** Mapping List ***

SECTION                            START      END         SIZE   ALIGN

P_TOP
                                  00300200  0030020b         c   4
P
                                  0030020c  003017df      15d4   4
C
                                  003017e0  003019fb       21c   4
D
                                  003019fc  00301a13        18   4
B_BR_Size
                                  08100000  08100003         4   4
B
                                  08100004  08100007         4   4
R
                                  08100008  0810001f        18   4

*** Symbol List ***

SECTION=
FILE=                               START        END    SIZE
  SYMBOL                            ADDR        SIZE    INFO      COUNTS  OPT

SECTION=P_TOP
FILE=C:\Users\USER\Documents\CASIO\fx-9860G SDK\test\Debug\test.obj
                                  00300200  0030020b         c
  _InitializeSystem
                                  00300200         c   func ,g         * 

SECTION=P
FILE=C:\Users\USER\Documents\CASIO\fx-9860G SDK\test\Debug\test.obj
                                  0030020c  00300303        f8
  _AddIn_main
                                  0030020c        ae   func ,g         * 
  _thing
                                  003002ba        4a   func ,g         * 
FILE=C:\Users\USER\Documents\CASIO\fx-9860G SDK\test\Debug\MonochromeLib.obj
                                  00300304  00300dc3       ac0
  _ML_vram_adress
                                  00300304        1c   func ,g         * 
  _ML_clear_vram
                                  00300320        5c   func ,g         * 
  _ML_display_vram
                                  0030037c        4a   func ,g         * 
  _ML_pixel
                                  003003c6        a0   func ,g         * 
  _ML_line
                                  00300466        d6   func ,g         * 
  _ML_horizontal_line
                                  0030053c       2a6   func ,g         * 
  _ML_vertical_scroll
                                  003007e2        8e   func ,g         * 
  _ML_bmp_or_cl
                                  00300870       246   func ,g         * 
  _ML_bmp_and_cl
                                  00300ab6       254   func ,g         * 
  _ML_bmp_8_or
                                  00300d0a        ba   func ,g         * 
FILE=C:\Users\USER\Documents\CASIO\fx-9860G SDK\test\Debug\syscall.obj
                                  00300dc4  00300dd3        10
  _GlibGetOSVersionInfo
                                  00300dc4         0   none ,g         * 
FILE=D:\CASIO SDK\OS\FX\lib\setup.obj
                                  00300dd4  00300eef       11c
  ___LINK_PROTECT
                                  00300dd4         4   func ,g         * 
  _SetQuitHandler
                                  00300dd8         6   func ,g         * 
  _OnAppCloseDefault
                                  00300dde        54   func ,g         * 
  __INITSCT_ADDIN
                                  00300e32        48   func ,g         * 
  _INIT_ADDIN_APPLICATION
                                  00300e7a        76   func ,g         * 
FILE=abs
                                  00300ef0  00300efd         e
  _abs
                                  00300ef0         e   func ,g         * 
FILE=_Bdel_cychdr
                                  00300f00  00300f0f        10
  _Bdel_cychdr
                                  00300f00         0   none ,g         * 
FILE=_Bdisp_AllClr_DDVRAM
                                  00300f10  00300f1f        10
  _Bdisp_AllClr_DDVRAM
                                  00300f10         0   none ,g         * 
FILE=_BfileFLS_CloseFile
                                  00300f20  00300f2f        10
  _BfileFLS_CloseFile
                                  00300f20         0   none ,g         * 
FILE=_Bkey_Set_RepeatTime_Default
                                  00300f30  00300f3f        10
  _Bkey_Set_RepeatTime_Default
                                  00300f30         0   none ,g         * 
FILE=_CallbackAtQuitMainFunction
                                  00300f40  00300f4f        10
  _CallbackAtQuitMainFunction
                                  00300f40         0   none ,g         * 
FILE=_flsFindClose
                                  00300f50  00300f5f        10
  _flsFindClose
                                  00300f50         0   none ,g         * 
FILE=_getkey
                                  00300f60  00300f6f        10
  _GetKey
                                  00300f60         0   none ,g         * 
FILE=_GLibAddinAplExecutionCheck
                                  00300f70  00300f7f        10
  _GLibAddinAplExecutionCheck
                                  00300f70         0   none ,g         * 
FILE=_Hmem_SetMMU
                                  00300f80  00300f8f        10
  _Hmem_SetMMU
                                  00300f80         0   none ,g         * 
FILE=_Print
                                  00300f90  00300f9f        10
  _Print
                                  00300f90         0   none ,g         * 
FILE=dispbios
                                  00300fa0  00301115       176
  _PrintMini
                                  00300fa0        1c   func ,g         * 
  _locate
                                  00300fbc        28   func ,g         * 
  _Bdisp_ReadArea_DD
                                  00300fe4       132   func ,g         * 
FILE=keybios
                                  00301118  0030145b       344
  _GetKeyWait
                                  00301118        40   func ,g         * 
  _Bkey_GetKeyTableInfo
                                  00301158        5c   func ,g         * 
  _KeyCodeConvert
                                  003011b4        78   func ,g         * 
  _END$270
                                  003011f2         0   none ,l         * 
  __Delay
                                  0030122c        88   func ,g         * 
  _Hkey_Check_Key_SDK
                                  003012b4       12c   func ,g         * 
  _IsKeyDown
                                  003013e0        30   func ,g         * 
  _IsKeyUp
                                  00301410        4c   func ,g         * 
FILE=timer
                                  0030145c  0030155b       100
  _GetSDKLibraryVersion
                                  0030145c         6   func ,g         * 
  _SetTimer
                                  00301462        54   func ,g         * 
  _KillTimer
                                  003014b6        44   func ,g         * 
  _Sleep
                                  003014fa        62   func ,g         * 
FILE=__divls
                                  0030155c  0030160f        b4
  __divls
                                  0030155c         0   none ,g         * 
  divls_zero
                                  003015fa         0   none ,l         * 
  A_errno
                                  00301608         0   none ,l         * 
  n_zerono
                                  0030160c         0   none ,l         * 
FILE=__modls
                                  00301610  003016d7        c8
  __modls
                                  00301610         0   none ,g         * 
  modls_L
                                  003016b6         0   none ,l         * 
  modls_zero
                                  003016c2         0   none ,l         * 
  A_errno
                                  003016d0         0   none ,l         * 
  n_zerono
                                  003016d4         0   none ,l         * 
FILE=__s_mvn
                                  003016d8  0030170f        38
  __slow_mvn
                                  003016d8         0   none ,g         * 
  SMVN_B
                                  003016e6         0   none ,l         * 
  SMVN_END
                                  00301708         0   none ,l         * 
FILE=_Bcre_cychdr
                                  00301710  0030171f        10
  _Bcre_cychdr
                                  00301710         0   none ,g         * 
FILE=_Bkey_GetKeyTableInfoJumpFunc
                                  00301720  0030172f        10
  _Bkey_GetKeyTableInfoJumpFunc
                                  00301720         0   none ,g         * 
FILE=_Bkey_GetKeyWait
                                  00301730  0030173f        10
  _Bkey_GetKeyWait
                                  00301730         0   none ,g         * 
FILE=_BSrl_DummyWAIT
                                  00301740  0030174f        10
  _BSrl_DummyWAIT
                                  00301740         0   none ,g         * 
FILE=_Bsta_cychdr
                                  00301750  0030175f        10
  _Bsta_cychdr
                                  00301750         0   none ,g         * 
FILE=_Bstp_cychdr
                                  00301760  0030176f        10
  _Bstp_cychdr
                                  00301760         0   none ,g         * 
FILE=_Chattering
                                  00301770  0030177f        10
  _Chattering
                                  00301770         0   none ,g         * 
FILE=_DD_GET
                                  00301780  0030178f        10
  _DD_GET
                                  00301780         0   none ,g         * 
FILE=_GLibGetAddinLibInfo
                                  00301790  0030179f        10
  _GLibGetAddinLibInfo
                                  00301790         0   none ,g         * 
FILE=_GLibGetOSVersionInfo
                                  003017a0  003017af        10
  _GLibGetOSVersionInfo
                                  003017a0         0   none ,g         * 
FILE=_locate
                                  003017b0  003017bf        10
  _locate_OS
                                  003017b0         0   none ,g         * 
FILE=_PrintMiniSd
                                  003017c0  003017cf        10
  _PrintMiniSd
                                  003017c0         0   none ,g         * 
FILE=_SetIntFlagPaturn
                                  003017d0  003017df        10
  _SetIntFlagPaturn
                                  003017d0         0   none ,g         * 

SECTION=C
FILE=addin_sct
                                  00301880  00301893        14
  _B_BGN
                                  00301880         0   none ,g         * 
  _B_END
                                  00301884         0   none ,g         * 
  _R_BGN
                                  00301888         0   none ,g         * 
  _R_END
                                  0030188c         0   none ,g         * 
  _D_ROM
                                  00301890         0   none ,g         * 
FILE=keybios
                                  00301894  003019fb       168
  _gb_KeyCodeTable
                                  00301894       150   data ,l         * 
  _gb_usKoState
                                  003019e4        18   data ,l         * 

SECTION=B_BR_Size
FILE=C:\Users\USER\Documents\CASIO\fx-9860G SDK\test\Debug\test.obj
                                  08100000  08100003         4
  _BR_Size
                                  08100000         4   data ,g         * 

SECTION=B
FILE=_errno
                                  08100004  08100007         4
  __errno
                                  08100004         4   data ,g         * 

SECTION=R
FILE=C:\Users\USER\Documents\CASIO\fx-9860G SDK\test\Debug\MonochromeLib.obj
                                  08100008  08100017        10
  _SysCallCode
                                  08100008         c   data ,l         * 
  _SysCall
                                  08100014         4   data ,l         * 
FILE=D:\CASIO SDK\OS\FX\lib\setup.obj
                                  08100018  0810001b         4
  _gb_OnAppClose
                                  08100018         4   data ,g         * 
FILE=keybios
                                  0810001c  0810001f         4
  _gb_pKeyMatrix
                                  0810001c         4   data ,g         * 

Absolute value symbols
FILE=_Bdel_cychdr
  __JumpTableTOP
                                  80010070         0   none ,l         * 
FILE=_Bdisp_AllClr_DDVRAM
  __JumpTableTOP
                                  80010070         0   none ,l         * 
FILE=_BfileFLS_CloseFile
  __JumpTableTOP
                                  80010070         0   none ,l         * 
FILE=_Bkey_Set_RepeatTime_Default
  __JumpTableTOP
                                  80010070         0   none ,l         * 
FILE=_CallbackAtQuitMainFunction
  __JumpTableTOP
                                  80010070         0   none ,l         * 
FILE=_flsFindClose
  __JumpTableTOP
                                  80010070         0   none ,l         * 
FILE=_getkey
  __JumpTableTOP
                                  80010070         0   none ,l         * 
FILE=_GLibAddinAplExecutionCheck
  __JumpTableTOP
                                  80010070         0   none ,l         * 
FILE=_Hmem_SetMMU
  __JumpTableTOP
                                  80010070         0   none ,l         * 
FILE=_Print
  __JumpTableTOP
                                  80010070         0   none ,l         * 
FILE=__divls
  zerodiv
                                  0000044e         0   none ,l         * 
FILE=__modls
  zerodiv
                                  0000044e         0   none ,l         * 
FILE=_Bcre_cychdr
  __JumpTableTOP
                                  80010070         0   none ,l         * 
FILE=_Bkey_GetKeyTableInfoJumpFunc
  __JumpTableTOP
                                  80010070         0   none ,l         * 
FILE=_Bkey_GetKeyWait
  __JumpTableTOP
                                  80010070         0   none ,l         * 
FILE=_BSrl_DummyWAIT
  __JumpTableTOP
                                  80010070         0   none ,l         * 
FILE=_Bsta_cychdr
  __JumpTableTOP
                                  80010070         0   none ,l         * 
FILE=_Bstp_cychdr
  __JumpTableTOP
                                  80010070         0   none ,l         * 
FILE=_Chattering
  __JumpTableTOP
                                  80010070         0   none ,l         * 
FILE=_DD_GET
  __JumpTableTOP
                                  80010070         0   none ,l         * 
FILE=_GLibGetAddinLibInfo
  __JumpTableTOP
                                  80010070         0   none ,l         * 
FILE=_GLibGetOSVersionInfo
  __JumpTableTOP
                                  80010070         0   none ,l         * 
FILE=_locate
  __JumpTableTOP
                                  80010070         0   none ,l         * 
FILE=_PrintMiniSd
  __JumpTableTOP
                                  80010070         0   none ,l         * 
FILE=_SetIntFlagPaturn
  __JumpTableTOP
                                  80010070         0   none ,l         * 

*** Delete Symbols ***

SYMBOL                                SIZE    INFO

*** Variable Accessible with Abs8 ***

SYMBOL                                SIZE    COUNTS  OPTIMIZE

*** Variable Accessible with Abs16 ***

SYMBOL                                SIZE    COUNTS  OPTIMIZE

*** Function Call ***

SYMBOL                              COUNTS  OPTIMIZE
