Hitachi Optimizing Linkage Editor (Ver. 7.1.03.000)13-Oct-2021 02:25:22

*** Options ***

-subcommand=C:\Users\USER\AppData\Local\Temp\hmkACAB.tmp
noprelink
sdebug
rom D=R
nomessage
list "C:\Users\USER\Documents\CASIO\fx-9860G SDK\test\Debug\FXADDINror.map"
show symbol
nooptimize
start P_TOP,P,C,D,C$VTBL,C$INIT/0300200,B_BR_Size,B,R/08100000
fsymbol P
nologo
input "C:\Users\USER\Documents\CASIO\fx-9860G SDK\test\Debug\test.obj" "C:\Users\USER\Documents\CASIO\fx-9860G SDK\test\Debug\MonochromeLib.obj" "C:\Users\USER\Documents\CASIO\fx-9860G SDK\test\Debug\syscall.obj"
input "D:\CASIO SDK\OS\FX\lib\setup.obj"
library "D:\CASIO SDK\OS\FX\lib\fx9860G_library.lib"
output "C:\Users\USER\Documents\CASIO\fx-9860G SDK\test\Debug\FXADDINror.abs"
-nomessage=1100
end

*** Error information ***

*** Mapping List ***

SECTION                            START      END         SIZE   ALIGN

P_TOP
                                  00300200  0030020b         c   4
P
                                  0030020c  0030183f      1634   4
C
                                  00301840  00301a5b       21c   4
D
                                  00301a5c  00301a73        18   4
B_BR_Size
                                  08100000  08100003         4   4
B
                                  08100004  08100007         4   4
R
                                  08100008  0810001f        18   4

*** Symbol List ***

SECTION=
FILE=                               START        END    SIZE
  SYMBOL                            ADDR        SIZE    INFO      COUNTS  OPT

SECTION=P_TOP
FILE=C:\Users\USER\Documents\CASIO\fx-9860G SDK\test\Debug\test.obj
                                  00300200  0030020b         c
  _InitializeSystem
                                  00300200         c   func ,g         * 

SECTION=P
FILE=C:\Users\USER\Documents\CASIO\fx-9860G SDK\test\Debug\test.obj
                                  0030020c  00300363       158
  _AddIn_main
                                  0030020c       158   func ,g         * 
  _main$430
                                  00300260         0   none ,l         * 
FILE=C:\Users\USER\Documents\CASIO\fx-9860G SDK\test\Debug\MonochromeLib.obj
                                  00300364  00300e23       ac0
  _ML_vram_adress
                                  00300364        1c   func ,g         * 
  _ML_clear_vram
                                  00300380        5c   func ,g         * 
  _ML_display_vram
                                  003003dc        4a   func ,g         * 
  _ML_pixel
                                  00300426        a0   func ,g         * 
  _ML_line
                                  003004c6        d6   func ,g         * 
  _ML_horizontal_line
                                  0030059c       2a6   func ,g         * 
  _ML_vertical_scroll
                                  00300842        8e   func ,g         * 
  _ML_bmp_or_cl
                                  003008d0       246   func ,g         * 
  _ML_bmp_and_cl
                                  00300b16       254   func ,g         * 
  _ML_bmp_8_or
                                  00300d6a        ba   func ,g         * 
FILE=C:\Users\USER\Documents\CASIO\fx-9860G SDK\test\Debug\syscall.obj
                                  00300e24  00300e33        10
  _GlibGetOSVersionInfo
                                  00300e24         0   none ,g         * 
FILE=D:\CASIO SDK\OS\FX\lib\setup.obj
                                  00300e34  00300f4f       11c
  ___LINK_PROTECT
                                  00300e34         4   func ,g         * 
  _SetQuitHandler
                                  00300e38         6   func ,g         * 
  _OnAppCloseDefault
                                  00300e3e        54   func ,g         * 
  __INITSCT_ADDIN
                                  00300e92        48   func ,g         * 
  _INIT_ADDIN_APPLICATION
                                  00300eda        76   func ,g         * 
FILE=abs
                                  00300f50  00300f5d         e
  _abs
                                  00300f50         e   func ,g         * 
FILE=_Bdel_cychdr
                                  00300f60  00300f6f        10
  _Bdel_cychdr
                                  00300f60         0   none ,g         * 
FILE=_Bdisp_AllClr_DDVRAM
                                  00300f70  00300f7f        10
  _Bdisp_AllClr_DDVRAM
                                  00300f70         0   none ,g         * 
FILE=_BfileFLS_CloseFile
                                  00300f80  00300f8f        10
  _BfileFLS_CloseFile
                                  00300f80         0   none ,g         * 
FILE=_Bkey_Set_RepeatTime_Default
                                  00300f90  00300f9f        10
  _Bkey_Set_RepeatTime_Default
                                  00300f90         0   none ,g         * 
FILE=_CallbackAtQuitMainFunction
                                  00300fa0  00300faf        10
  _CallbackAtQuitMainFunction
                                  00300fa0         0   none ,g         * 
FILE=_flsFindClose
                                  00300fb0  00300fbf        10
  _flsFindClose
                                  00300fb0         0   none ,g         * 
FILE=_getkey
                                  00300fc0  00300fcf        10
  _GetKey
                                  00300fc0         0   none ,g         * 
FILE=_GLibAddinAplExecutionCheck
                                  00300fd0  00300fdf        10
  _GLibAddinAplExecutionCheck
                                  00300fd0         0   none ,g         * 
FILE=_Hmem_SetMMU
                                  00300fe0  00300fef        10
  _Hmem_SetMMU
                                  00300fe0         0   none ,g         * 
FILE=_Print
                                  00300ff0  00300fff        10
  _Print
                                  00300ff0         0   none ,g         * 
FILE=dispbios
                                  00301000  00301175       176
  _PrintMini
                                  00301000        1c   func ,g         * 
  _locate
                                  0030101c        28   func ,g         * 
  _Bdisp_ReadArea_DD
                                  00301044       132   func ,g         * 
FILE=keybios
                                  00301178  003014bb       344
  _GetKeyWait
                                  00301178        40   func ,g         * 
  _Bkey_GetKeyTableInfo
                                  003011b8        5c   func ,g         * 
  _KeyCodeConvert
                                  00301214        78   func ,g         * 
  _END$270
                                  00301252         0   none ,l         * 
  __Delay
                                  0030128c        88   func ,g         * 
  _Hkey_Check_Key_SDK
                                  00301314       12c   func ,g         * 
  _IsKeyDown
                                  00301440        30   func ,g         * 
  _IsKeyUp
                                  00301470        4c   func ,g         * 
FILE=timer
                                  003014bc  003015bb       100
  _GetSDKLibraryVersion
                                  003014bc         6   func ,g         * 
  _SetTimer
                                  003014c2        54   func ,g         * 
  _KillTimer
                                  00301516        44   func ,g         * 
  _Sleep
                                  0030155a        62   func ,g         * 
FILE=__divls
                                  003015bc  0030166f        b4
  __divls
                                  003015bc         0   none ,g         * 
  divls_zero
                                  0030165a         0   none ,l         * 
  A_errno
                                  00301668         0   none ,l         * 
  n_zerono
                                  0030166c         0   none ,l         * 
FILE=__modls
                                  00301670  00301737        c8
  __modls
                                  00301670         0   none ,g         * 
  modls_L
                                  00301716         0   none ,l         * 
  modls_zero
                                  00301722         0   none ,l         * 
  A_errno
                                  00301730         0   none ,l         * 
  n_zerono
                                  00301734         0   none ,l         * 
FILE=__s_mvn
                                  00301738  0030176f        38
  __slow_mvn
                                  00301738         0   none ,g         * 
  SMVN_B
                                  00301746         0   none ,l         * 
  SMVN_END
                                  00301768         0   none ,l         * 
FILE=_Bcre_cychdr
                                  00301770  0030177f        10
  _Bcre_cychdr
                                  00301770         0   none ,g         * 
FILE=_Bkey_GetKeyTableInfoJumpFunc
                                  00301780  0030178f        10
  _Bkey_GetKeyTableInfoJumpFunc
                                  00301780         0   none ,g         * 
FILE=_Bkey_GetKeyWait
                                  00301790  0030179f        10
  _Bkey_GetKeyWait
                                  00301790         0   none ,g         * 
FILE=_BSrl_DummyWAIT
                                  003017a0  003017af        10
  _BSrl_DummyWAIT
                                  003017a0         0   none ,g         * 
FILE=_Bsta_cychdr
                                  003017b0  003017bf        10
  _Bsta_cychdr
                                  003017b0         0   none ,g         * 
FILE=_Bstp_cychdr
                                  003017c0  003017cf        10
  _Bstp_cychdr
                                  003017c0         0   none ,g         * 
FILE=_Chattering
                                  003017d0  003017df        10
  _Chattering
                                  003017d0         0   none ,g         * 
FILE=_DD_GET
                                  003017e0  003017ef        10
  _DD_GET
                                  003017e0         0   none ,g         * 
FILE=_GLibGetAddinLibInfo
                                  003017f0  003017ff        10
  _GLibGetAddinLibInfo
                                  003017f0         0   none ,g         * 
FILE=_GLibGetOSVersionInfo
                                  00301800  0030180f        10
  _GLibGetOSVersionInfo
                                  00301800         0   none ,g         * 
FILE=_locate
                                  00301810  0030181f        10
  _locate_OS
                                  00301810         0   none ,g         * 
FILE=_PrintMiniSd
                                  00301820  0030182f        10
  _PrintMiniSd
                                  00301820         0   none ,g         * 
FILE=_SetIntFlagPaturn
                                  00301830  0030183f        10
  _SetIntFlagPaturn
                                  00301830         0   none ,g         * 

SECTION=C
FILE=addin_sct
                                  003018e0  003018f3        14
  _B_BGN
                                  003018e0         0   none ,g         * 
  _B_END
                                  003018e4         0   none ,g         * 
  _R_BGN
                                  003018e8         0   none ,g         * 
  _R_END
                                  003018ec         0   none ,g         * 
  _D_ROM
                                  003018f0         0   none ,g         * 
FILE=keybios
                                  003018f4  00301a5b       168
  _gb_KeyCodeTable
                                  003018f4       150   data ,l         * 
  _gb_usKoState
                                  00301a44        18   data ,l         * 

SECTION=B_BR_Size
FILE=C:\Users\USER\Documents\CASIO\fx-9860G SDK\test\Debug\test.obj
                                  08100000  08100003         4
  _BR_Size
                                  08100000         4   data ,g         * 

SECTION=B
FILE=_errno
                                  08100004  08100007         4
  __errno
                                  08100004         4   data ,g         * 

SECTION=R
FILE=C:\Users\USER\Documents\CASIO\fx-9860G SDK\test\Debug\MonochromeLib.obj
                                  08100008  08100017        10
  _SysCallCode
                                  08100008         c   data ,l         * 
  _SysCall
                                  08100014         4   data ,l         * 
FILE=D:\CASIO SDK\OS\FX\lib\setup.obj
                                  08100018  0810001b         4
  _gb_OnAppClose
                                  08100018         4   data ,g         * 
FILE=keybios
                                  0810001c  0810001f         4
  _gb_pKeyMatrix
                                  0810001c         4   data ,g         * 

Absolute value symbols
FILE=_Bdel_cychdr
  __JumpTableTOP
                                  80010070         0   none ,l         * 
FILE=_Bdisp_AllClr_DDVRAM
  __JumpTableTOP
                                  80010070         0   none ,l         * 
FILE=_BfileFLS_CloseFile
  __JumpTableTOP
                                  80010070         0   none ,l         * 
FILE=_Bkey_Set_RepeatTime_Default
  __JumpTableTOP
                                  80010070         0   none ,l         * 
FILE=_CallbackAtQuitMainFunction
  __JumpTableTOP
                                  80010070         0   none ,l         * 
FILE=_flsFindClose
  __JumpTableTOP
                                  80010070         0   none ,l         * 
FILE=_getkey
  __JumpTableTOP
                                  80010070         0   none ,l         * 
FILE=_GLibAddinAplExecutionCheck
  __JumpTableTOP
                                  80010070         0   none ,l         * 
FILE=_Hmem_SetMMU
  __JumpTableTOP
                                  80010070         0   none ,l         * 
FILE=_Print
  __JumpTableTOP
                                  80010070         0   none ,l         * 
FILE=__divls
  zerodiv
                                  0000044e         0   none ,l         * 
FILE=__modls
  zerodiv
                                  0000044e         0   none ,l         * 
FILE=_Bcre_cychdr
  __JumpTableTOP
                                  80010070         0   none ,l         * 
FILE=_Bkey_GetKeyTableInfoJumpFunc
  __JumpTableTOP
                                  80010070         0   none ,l         * 
FILE=_Bkey_GetKeyWait
  __JumpTableTOP
                                  80010070         0   none ,l         * 
FILE=_BSrl_DummyWAIT
  __JumpTableTOP
                                  80010070         0   none ,l         * 
FILE=_Bsta_cychdr
  __JumpTableTOP
                                  80010070         0   none ,l         * 
FILE=_Bstp_cychdr
  __JumpTableTOP
                                  80010070         0   none ,l         * 
FILE=_Chattering
  __JumpTableTOP
                                  80010070         0   none ,l         * 
FILE=_DD_GET
  __JumpTableTOP
                                  80010070         0   none ,l         * 
FILE=_GLibGetAddinLibInfo
  __JumpTableTOP
                                  80010070         0   none ,l         * 
FILE=_GLibGetOSVersionInfo
  __JumpTableTOP
                                  80010070         0   none ,l         * 
FILE=_locate
  __JumpTableTOP
                                  80010070         0   none ,l         * 
FILE=_PrintMiniSd
  __JumpTableTOP
                                  80010070         0   none ,l         * 
FILE=_SetIntFlagPaturn
  __JumpTableTOP
                                  80010070         0   none ,l         * 

*** Delete Symbols ***

SYMBOL                                SIZE    INFO

*** Variable Accessible with Abs8 ***

SYMBOL                                SIZE    COUNTS  OPTIMIZE

*** Variable Accessible with Abs16 ***

SYMBOL                                SIZE    COUNTS  OPTIMIZE

*** Function Call ***

SYMBOL                              COUNTS  OPTIMIZE
